[www.st-dongxing.com/index.html]
[backblue.gif]
[fade.gif]
[index.html]
[www.st-dongxing.com/css/style.css]
[www.st-dongxing.com/js/MSClass.js]
[www.st-dongxing.com/index-2.html]
[www.st-dongxing.com/sitemap.html]
[www.st-dongxing.com/en/index.html]
[www.st-dongxing.com/about.html]
[www.st-dongxing.com/products.html]
[www.st-dongxing.com/news.html]
[www.st-dongxing.com/liability.html]
[www.st-dongxing.com/contact.html]
[www.st-dongxing.com/Uploadfile/proImg/month_20163/201633111345738035.jpg]
[www.st-dongxing.com/Uploadfile/proImg/month_20172/2017291045436594.jpg]
[www.st-dongxing.com/Uploadfile/proImg/month_20145/201452817172310831.jpg]
[www.st-dongxing.com/Uploadfile/proImg/month_20168/201681516225451878.jpg]
[www.st-dongxing.com/productsdd5f.html]
[www.st-dongxing.com/Uploadfile/proImg/month_20168/201681710512731324.jpg]
[www.st-dongxing.com/Uploadfile/proImg/month_20168/201681710533160888.jpg]
[www.st-dongxing.com/news_s5f2f.html]
[www.st-dongxing.com/news_sfe05.html]
[www.st-dongxing.com/news_s1778.html]
[www.st-dongxing.com/news_s8e59.html]
[www.st-dongxing.com/Uploadfile/proImg/month_20145/20145314512219699.gif]
[www.st-dongxing.com/Uploadfile/proImg/month_20142/20142171232147792.jpg]
[www.st-dongxing.com/product1238.html]
[www.st-dongxing.com/Uploadfile/proImg/month_20168/20168141624546196.jpg]
[www.st-dongxing.com/Uploadfile/proImg/month_20146/20146317385137513.jpg]
[www.st-dongxing.com/Uploadfile/proImg/month_20146/20146317395571362.jpg]
[www.st-dongxing.com/Uploadfile/proImg/month_20162/201622911364298449.jpg]
[www.st-dongxing.com/images/foot1.jpg]
[www.st-dongxing.com/index.html]
[www.st-dongxing.com/images/top-bg.jpg]
[www.st-dongxing.com/images/logo.jpg]
[www.st-dongxing.com/images/home.jpg]
[www.st-dongxing.com/images/home1.jpg]
[www.st-dongxing.com/images/sitemap.jpg]
[www.st-dongxing.com/images/sitemap1.jpg]
[www.st-dongxing.com/images/contact.jpg]
[www.st-dongxing.com/images/contact1.jpg]
[www.st-dongxing.com/images/menu-li-bg.jpg]
[www.st-dongxing.com/images/top-g.jpg]
[www.st-dongxing.com/images/top-g2.jpg]
[www.st-dongxing.com/images/ind-cont-bg.jpg]
[www.st-dongxing.com/images/more.jpg]
[www.st-dongxing.com/images/jian.jpg]
[www.st-dongxing.com/images/ind-gg-1.png]
[www.st-dongxing.com/images/ind-gg-2.png]
[www.st-dongxing.com/images/more2.jpg]
[www.st-dongxing.com/images/gg-bg2.jpg]
[www.st-dongxing.com/images/nei-bg.jpg]
[www.st-dongxing.com/images/7.jpg]
[www.st-dongxing.com/images/news-tit-bg.jpg]
[www.st-dongxing.com/images/pro-tit-bg.jpg]
[www.st-dongxing.com/images/foot-logo.jpg]
[www.st-dongxing.com/images/foot-bg.jpg]
[www.st-dongxing.com/images/page-1.jpg]
[www.st-dongxing.com/images/page-2.jpg]
[www.st-dongxing.com/css/style.css]
[www.st-dongxing.com/js/MSClass.js]
[www.st-dongxing.com/index-2.html]
[www.st-dongxing.com/Uploadfile/proImg/month_20144/201441910112123015.jpg]
[www.st-dongxing.com/Uploadfile/proImg/month_20144/201441910113274091.jpg]
[www.st-dongxing.com/Uploadfile/proImg/month_20172/20172910104839017.jpg]
[www.st-dongxing.com/products57d7.html]
[www.st-dongxing.com/products6fdb.html]
[www.st-dongxing.com/products9374.html]
[www.st-dongxing.com/products8b62.html]
[www.st-dongxing.com/aboutd4e4.html]
[www.st-dongxing.com/products87d5.html]
[www.st-dongxing.com/productsfc92.html]
[www.st-dongxing.com/newseb34.html]
[www.st-dongxing.com/sitemap.html]
[www.st-dongxing.com/liability7630.html]
[www.st-dongxing.com/en/css/style.css]
[www.st-dongxing.com/en/js/MSClass.js]
[www.st-dongxing.com/en/sitemap.html]
[www.st-dongxing.com/en/about.html]
[www.st-dongxing.com/en/products.html]
[www.st-dongxing.com/en/news.html]
[www.st-dongxing.com/en/liability.html]
[www.st-dongxing.com/en/contact.html]
[www.st-dongxing.com/Uploadfile/proImg/month_20144/201441915191477491.jpg]
[www.st-dongxing.com/Uploadfile/proImg/month_20172/2017291085048855.jpg]
[www.st-dongxing.com/en/productsdd5f.html]
[www.st-dongxing.com/Uploadfile/proImg/month_20147/20147817164141292.jpg]
[www.st-dongxing.com/en/news_s231b.html]
[www.st-dongxing.com/en/news_s31db.html]
[www.st-dongxing.com/Uploadfile/proImg/month_20145/20145314521420024.gif]
[www.st-dongxing.com/Uploadfile/proImg/month_20142/2014217124588606.jpg]
[www.st-dongxing.com/en/product1238.html]
[www.st-dongxing.com/Uploadfile/proImg/month_20146/2014631740755662.jpg]
[www.st-dongxing.com/Uploadfile/proImg/month_20146/20146317401788413.jpg]
[www.st-dongxing.com/en/images/foot1.jpg]
[www.st-dongxing.com/en/index.html]
[www.st-dongxing.com/about46f5.html]
[www.st-dongxing.com/env.html]
[www.st-dongxing.com/honor.html]
[www.st-dongxing.com/Uploadfile/newsImg/month_20144/20140428161732103210.gif]
[www.st-dongxing.com/about.html]
[www.st-dongxing.com/js/jquery-1.3.1.min.js]
[www.st-dongxing.com/css/jquery.lightbox-0.5.css]
[www.st-dongxing.com/js/jquery.lightbox-0.5.min.js]
[www.st-dongxing.com/Uploadfile/proImg/month_20162/20162292375842697.jpg]
[www.st-dongxing.com/products.html]
[www.st-dongxing.com/products_d521b.html]
[www.st-dongxing.com/news_s3b9c.html]
[www.st-dongxing.com/news_s9f61.html]
[www.st-dongxing.com/news_s096d.html]
[www.st-dongxing.com/news_s2cb4.html]
[www.st-dongxing.com/newsf659.html]
[www.st-dongxing.com/news19b3.html]
[www.st-dongxing.com/newsed5b.html]
[www.st-dongxing.com/news.html]
[www.st-dongxing.com/liability4445.html]
[www.st-dongxing.com/Uploadfile/newsImg/month_20144/2014042814290393393.jpg]
[www.st-dongxing.com/liability.html]
[www.st-dongxing.com/Uploadfile/newsImg/month_20144/20140428142563546354.jpg]
[www.st-dongxing.com/contact3162.html]
[www.st-dongxing.com/Uploadfile/newsImg/month_20146/20140607113321362136.jpg]
[www.st-dongxing.com/Uploadfile/newsImg/month_20146/20140607115656055605.jpg]
[www.st-dongxing.com/Uploadfile/newsImg/month_20146/20140607115627982798.jpg]
[www.st-dongxing.com/Uploadfile/newsImg/month_20146/20140607115635833583.jpg]
[www.st-dongxing.com/contact.html]
[www.st-dongxing.com/Uploadfile/newsImg/month_20146/20140607115629392939.jpg]
[www.st-dongxing.com/Uploadfile/proImg/month_20163/20163191021424008.jpg]
[www.st-dongxing.com/Uploadfile/proImg/month_20163/20163199321422433.jpg]
[www.st-dongxing.com/productsdd5f.html]
[www.st-dongxing.com/products_dfc18.html]
[www.st-dongxing.com/news_s5f2f.html]
[www.st-dongxing.com/Uploadfile/newsImg/month_20183/2018032717300234234.jpg]
[www.st-dongxing.com/news_sfe05.html]
[www.st-dongxing.com/Uploadfile/newsImg/month_20183/201803271724009090.jpg]
[www.st-dongxing.com/Uploadfile/newsImg/month_201510/20151017113051085108.jpg]
[www.st-dongxing.com/Uploadfile/newsImg/month_201510/20151017113084738473.jpg]
[www.st-dongxing.com/Uploadfile/newsImg/month_201510/20151017113037863786.jpg]
[www.st-dongxing.com/Uploadfile/newsImg/month_201510/20151017113054335433.jpg]
[www.st-dongxing.com/news_s1778.html]
[www.st-dongxing.com/news_s8e59.html]
[www.st-dongxing.com/product1238.html]
[www.st-dongxing.com/products57d7.html]
[www.st-dongxing.com/Uploadfile/proImg/month_20168/20168141614268810.jpg]
[www.st-dongxing.com/Uploadfile/proImg/month_20168/20168141683617593.jpg]
[www.st-dongxing.com/products6fdb.html]
[www.st-dongxing.com/products_d5d77.html]
[www.st-dongxing.com/products9374.html]
[www.st-dongxing.com/Uploadfile/proImg/month_20163/2016359273698550.jpg]
[www.st-dongxing.com/Uploadfile/proImg/month_20146/201461814534755691.jpg]
[www.st-dongxing.com/Uploadfile/proImg/month_20146/201461814545778598.jpg]
[www.st-dongxing.com/Uploadfile/proImg/month_201612/2016121010454639642.jpg]
[www.st-dongxing.com/Uploadfile/proImg/month_20146/20146181543388281.jpg]
[www.st-dongxing.com/Uploadfile/proImg/month_20146/20146181545757887.jpg]
[www.st-dongxing.com/products_d3176.html]
[www.st-dongxing.com/products8b62.html]
[www.st-dongxing.com/aboutd4e4.html]
[www.st-dongxing.com/products87d5.html]
[www.st-dongxing.com/productsfc92.html]
[www.st-dongxing.com/newseb34.html]
[www.st-dongxing.com/liability7630.html]
[www.st-dongxing.com/en/images/top-bg.jpg]
[www.st-dongxing.com/en/images/logo.jpg]
[www.st-dongxing.com/en/images/home.jpg]
[www.st-dongxing.com/en/images/home1.jpg]
[www.st-dongxing.com/en/images/sitemap.jpg]
[www.st-dongxing.com/en/images/sitemap1.jpg]
[www.st-dongxing.com/en/images/contact.jpg]
[www.st-dongxing.com/en/images/contact1.jpg]
[www.st-dongxing.com/en/images/menu-li-bg.jpg]
[www.st-dongxing.com/en/images/top-g.jpg]
[www.st-dongxing.com/en/images/top-g2.jpg]
[www.st-dongxing.com/en/images/ind-cont-bg.jpg]
[www.st-dongxing.com/en/images/more.jpg]
[www.st-dongxing.com/en/images/jian.jpg]
[www.st-dongxing.com/en/images/ind-gg-1.png]
[www.st-dongxing.com/en/images/ind-gg-2.png]
[www.st-dongxing.com/en/images/gg-bg2.jpg]
[www.st-dongxing.com/en/images/nei-bg.jpg]
[www.st-dongxing.com/en/images/7.jpg]
[www.st-dongxing.com/en/images/news-tit-bg.jpg]
[www.st-dongxing.com/en/images/pro-tit-bg.jpg]
[www.st-dongxing.com/en/images/foot-bg.jpg]
[www.st-dongxing.com/en/images/page-1.jpg]
[www.st-dongxing.com/en/css/style.css]
[www.st-dongxing.com/en/js/MSClass.js]
[www.st-dongxing.com/en/images/page-2.jpg]
[www.st-dongxing.com/Uploadfile/proImg/month_20144/201441915214075410.jpg]
[www.st-dongxing.com/Uploadfile/proImg/month_20172/20172910122272456.jpg]
[www.st-dongxing.com/Uploadfile/proImg/month_20172/20172910134888219.jpg]
[www.st-dongxing.com/en/products57d7.html]
[www.st-dongxing.com/en/products6fdb.html]
[www.st-dongxing.com/en/products9374.html]
[www.st-dongxing.com/en/products8b62.html]
[www.st-dongxing.com/en/aboutd4e4.html]
[www.st-dongxing.com/en/products87d5.html]
[www.st-dongxing.com/en/productsfc92.html]
[www.st-dongxing.com/en/news4bbe.html]
[www.st-dongxing.com/en/liability7630.html]
[www.st-dongxing.com/en/sitemap.html]
[www.st-dongxing.com/en/about46f5.html]
[www.st-dongxing.com/en/env.html]
[www.st-dongxing.com/en/honor.html]
[www.st-dongxing.com/en/about.html]
[www.st-dongxing.com/en/js/jquery-1.3.1.min.js]
[www.st-dongxing.com/en/css/jquery.lightbox-0.5.css]
[www.st-dongxing.com/en/js/jquery.lightbox-0.5.min.js]
[www.st-dongxing.com/en/products_d521b.html]
[www.st-dongxing.com/en/products.html]
[www.st-dongxing.com/en/news_s53ad.html]
[www.st-dongxing.com/en/news381a.html]
[www.st-dongxing.com/en/news71fa.html]
[www.st-dongxing.com/en/newsacab.html]
[www.st-dongxing.com/en/news.html]
[www.st-dongxing.com/en/liability4445.html]
[www.st-dongxing.com/en/liability.html]
[www.st-dongxing.com/en/contact3162.html]
[www.st-dongxing.com/en/contact.html]
[www.st-dongxing.com/en/products_dfc18.html]
[www.st-dongxing.com/en/productsdd5f.html]
[www.st-dongxing.com/en/news_s231b.html]
[www.st-dongxing.com/Uploadfile/newsImg/month_20147/20140702095611381138.jpg]
[www.st-dongxing.com/en/news_s31db.html]
[www.st-dongxing.com/en/product1238.html]
[www.st-dongxing.com/about46f5.html]
[www.st-dongxing.com/Uploadfile/newsImg/month_20147/20140702095790079007.jpg]
[www.st-dongxing.com/css/env.css]
[www.st-dongxing.com/js/jquery.lightbox-0.6.js]
[www.st-dongxing.com/Uploadfile/proImg/month_20147/2014799454690845.png]
[www.st-dongxing.com/Uploadfile/proImg/month_20147/2014791034524574.png]
[www.st-dongxing.com/Uploadfile/proImg/month_20147/2014791043496396.png]
[www.st-dongxing.com/Uploadfile/proImg/month_20147/2014791045570773.png]
[www.st-dongxing.com/Uploadfile/proImg/month_20166/2016699482999650.jpg]
[www.st-dongxing.com/Uploadfile/proImg/month_20166/20166910251688748.jpg]
[www.st-dongxing.com/Uploadfile/proImg/month_20166/2016691027241114.jpg]
[www.st-dongxing.com/Uploadfile/proImg/month_20166/20166910275345153.jpg]
[www.st-dongxing.com/js/roundabout.js]
[www.st-dongxing.com/js/roundabout_shapes.js]
[www.st-dongxing.com/js/gallery_init.js]
[www.st-dongxing.com/env.html]
[www.st-dongxing.com/Uploadfile/proImg/month_20147/20147115224044288.jpg]
[www.st-dongxing.com/Uploadfile/proImg/month_20147/20147115253818074.jpg]
[www.st-dongxing.com/Uploadfile/proImg/month_20147/20147115282142369.jpg]
[www.st-dongxing.com/Uploadfile/proImg/month_20147/20147115281584158.jpg]
[www.st-dongxing.com/Uploadfile/proImg/month_20147/20147115274989200.jpg]
[www.st-dongxing.com/Uploadfile/proImg/month_20147/20147115275447296.jpg]
[www.st-dongxing.com/Uploadfile/proImg/month_20146/20146317513088560.jpg]
[www.st-dongxing.com/Uploadfile/proImg/month_20146/2014631755573739.jpg]
[www.st-dongxing.com/Uploadfile/proImg/month_20146/20146317564915469.jpg]
[www.st-dongxing.com/Uploadfile/proImg/month_20184/201841011354921007.jpg]
[www.st-dongxing.com/Uploadfile/proImg/month_20184/201841011361413839.jpg]
[www.st-dongxing.com/honor.html]
[www.st-dongxing.com/js/jquery-1.3.1.min.js]
[www.st-dongxing.com/css/jquery.lightbox-0.5.css]
[www.st-dongxing.com/js/jquery.lightbox-0.5.min.js]
[www.st-dongxing.com/producte5f4.html]
[www.st-dongxing.com/Uploadfile/proImg/month_20163/2016351084859694.jpg]
[www.st-dongxing.com/products_d1ab3.html]
[www.st-dongxing.com/products_da487.html]
[www.st-dongxing.com/products_d521b.html]
[www.st-dongxing.com/products_d74a6.html]
[www.st-dongxing.com/Uploadfile/newsImg/month_201511/20151128110136253625.jpg]
[www.st-dongxing.com/Uploadfile/newsImg/month_201511/20151128111449014901.jpg]
[www.st-dongxing.com/Uploadfile/newsImg/month_201511/20151128111789438943.jpg]
[www.st-dongxing.com/Uploadfile/newsImg/month_201511/20151128114670157015.jpg]
[www.st-dongxing.com/Uploadfile/newsImg/month_201511/20151128114712271227.jpg]
[www.st-dongxing.com/Uploadfile/newsImg/month_201511/20151128114727582758.jpg]
[www.st-dongxing.com/Uploadfile/newsImg/month_201511/20151128114763156315.jpg]
[www.st-dongxing.com/Uploadfile/newsImg/month_201511/20151128114823782378.jpg]
[www.st-dongxing.com/Uploadfile/newsImg/month_201511/20151128114831733173.jpg]
[www.st-dongxing.com/Uploadfile/newsImg/month_201511/20151128114839833983.jpg]
[www.st-dongxing.com/news_s3b9c.html]
[www.st-dongxing.com/news_s9f61.html]
[www.st-dongxing.com/news_s096d.html]
[www.st-dongxing.com/news_s2cb4.html]
[www.st-dongxing.com/newsf659.html]
[www.st-dongxing.com/news_s9c83.html]
[www.st-dongxing.com/newsaca1.html]
[www.st-dongxing.com/news19b3.html]
[www.st-dongxing.com/newsed5b.html]
[www.st-dongxing.com/liability4445.html]
[www.st-dongxing.com/contact3162.html]
[www.st-dongxing.com/products_dfc18.html]
[www.st-dongxing.com/products_d5d77.html]
[www.st-dongxing.com/productaf25.html]
[www.st-dongxing.com/Uploadfile/proImg/month_20146/201461814263356155.jpg]
[www.st-dongxing.com/product2410.html]
[www.st-dongxing.com/Uploadfile/proImg/month_20146/20146181571787451.jpg]
[www.st-dongxing.com/producte5c0.html]
[www.st-dongxing.com/Uploadfile/proImg/month_20146/20146181427612243.jpg]
[www.st-dongxing.com/product21ab.html]
[www.st-dongxing.com/Uploadfile/proImg/month_20146/201461216371320392.jpg]
[www.st-dongxing.com/product87d3.html]
[www.st-dongxing.com/Uploadfile/proImg/month_20146/201461315213388384.jpg]
[www.st-dongxing.com/product05b1.html]
[www.st-dongxing.com/Uploadfile/proImg/month_20146/20146131534626854.jpg]
[www.st-dongxing.com/productfe1e.html]
[www.st-dongxing.com/Uploadfile/proImg/month_20146/201461814401578616.jpg]
[www.st-dongxing.com/product784d.html]
[www.st-dongxing.com/Uploadfile/proImg/month_20146/201461814474178981.jpg]
[www.st-dongxing.com/product5217.html]
[www.st-dongxing.com/Uploadfile/proImg/month_20146/20146131673086729.jpg]
[www.st-dongxing.com/products_dc49a.html]
[www.st-dongxing.com/products_dbc77.html]
[www.st-dongxing.com/products_d6835.html]
[www.st-dongxing.com/products_d3176.html]
[www.st-dongxing.com/en/products57d7.html]
[www.st-dongxing.com/en/products_d5d77.html]
[www.st-dongxing.com/en/products6fdb.html]
[www.st-dongxing.com/en/products9374.html]
[www.st-dongxing.com/en/products_d3176.html]
[www.st-dongxing.com/en/products8b62.html]
[www.st-dongxing.com/en/aboutd4e4.html]
[www.st-dongxing.com/en/products87d5.html]
[www.st-dongxing.com/en/productsfc92.html]
[www.st-dongxing.com/en/news4bbe.html]
[www.st-dongxing.com/en/liability7630.html]
[www.st-dongxing.com/en/about46f5.html]
[www.st-dongxing.com/en/css/env.css]
[www.st-dongxing.com/en/js/jquery.lightbox-0.6.js]
[www.st-dongxing.com/en/js/roundabout.js]
[www.st-dongxing.com/en/js/roundabout_shapes.js]
[www.st-dongxing.com/en/env.html]
[www.st-dongxing.com/en/honor.html]
[www.st-dongxing.com/en/js/jquery-1.3.1.min.js]
[www.st-dongxing.com/en/css/jquery.lightbox-0.5.css]
[www.st-dongxing.com/en/js/jquery.lightbox-0.5.min.js]
[www.st-dongxing.com/en/js/gallery_init.js]
[www.st-dongxing.com/en/producte5f4.html]
[www.st-dongxing.com/en/products_d1ab3.html]
[www.st-dongxing.com/en/products_da487.html]
[www.st-dongxing.com/en/products_d521b.html]
[www.st-dongxing.com/en/news_s53ad.html]
[www.st-dongxing.com/en/news381a.html]
[www.st-dongxing.com/en/news71fa.html]
[www.st-dongxing.com/en/newsacab.html]
[www.st-dongxing.com/en/liability4445.html]
[www.st-dongxing.com/en/contact3162.html]
[www.st-dongxing.com/en/products_dfc18.html]
[www.st-dongxing.com/css/env.css]
[www.st-dongxing.com/js/jquery.lightbox-0.6.js]
[www.st-dongxing.com/js/roundabout.js]
[www.st-dongxing.com/js/roundabout_shapes.js]
[www.st-dongxing.com/js/gallery_init.js]
[www.st-dongxing.com/producte5f4.html]
[www.st-dongxing.com/products_d1ab3.html]
[www.st-dongxing.com/products_da487.html]
[www.st-dongxing.com/products_d74a6.html]
[www.st-dongxing.com/news_s9c83.html]
[www.st-dongxing.com/newsaca1.html]
[www.st-dongxing.com/productaf25.html]
[www.st-dongxing.com/product2410.html]
[www.st-dongxing.com/producte5c0.html]
[www.st-dongxing.com/product21ab.html]
[www.st-dongxing.com/product87d3.html]
[www.st-dongxing.com/product05b1.html]
[www.st-dongxing.com/en/products_d74a6.html]
[www.st-dongxing.com/productfe1e.html]
[www.st-dongxing.com/product784d.html]
[www.st-dongxing.com/product5217.html]
[www.st-dongxing.com/products_dc49a.html]
[www.st-dongxing.com/products_dbc77.html]
[www.st-dongxing.com/product92be.html]
[www.st-dongxing.com/Uploadfile/proImg/month_20145/20145101104710868.gif]
[www.st-dongxing.com/productd074.html]
[www.st-dongxing.com/Uploadfile/proImg/month_20145/201451010594962345.gif]
[www.st-dongxing.com/products_d4ef0.html]
[www.st-dongxing.com/products_d6835.html]
[www.st-dongxing.com/en/products_d5d77.html]
[www.st-dongxing.com/products_dd6e9.html]
[www.st-dongxing.com/en/productaf25.html]
[www.st-dongxing.com/en/product2410.html]
[www.st-dongxing.com/en/producte5c0.html]
[www.st-dongxing.com/en/product87d3.html]
[www.st-dongxing.com/en/product05b1.html]
[www.st-dongxing.com/en/productfe1e.html]
[www.st-dongxing.com/en/product784d.html]
[www.st-dongxing.com/en/product5217.html]
[www.st-dongxing.com/en/products_dc49a.html]
[www.st-dongxing.com/en/products_dbc77.html]
[www.st-dongxing.com/en/products_d6835.html]
[www.st-dongxing.com/en/products_d3176.html]
[www.st-dongxing.com/en/css/env.css]
[www.st-dongxing.com/en/js/jquery.lightbox-0.6.js]
[www.st-dongxing.com/en/js/roundabout.js]
[www.st-dongxing.com/en/js/roundabout_shapes.js]
[www.st-dongxing.com/en/js/gallery_init.js]
[www.st-dongxing.com/en/producte5f4.html]
[www.st-dongxing.com/en/products_d1ab3.html]
[www.st-dongxing.com/en/products_da487.html]
[www.st-dongxing.com/en/products_d74a6.html]
[www.st-dongxing.com/product92be.html]
[www.st-dongxing.com/productd074.html]
[www.st-dongxing.com/products_d4ef0.html]
[www.st-dongxing.com/products_dd6e9.html]
[www.st-dongxing.com/en/productaf25.html]
[www.st-dongxing.com/en/product2410.html]
[www.st-dongxing.com/en/producte5c0.html]
[www.st-dongxing.com/en/product21ab.html]
[www.st-dongxing.com/en/product87d3.html]
[www.st-dongxing.com/en/product05b1.html]
[www.st-dongxing.com/en/productfe1e.html]
[www.st-dongxing.com/en/product784d.html]
[www.st-dongxing.com/en/product5217.html]
[www.st-dongxing.com/en/products_dc49a.html]
[www.st-dongxing.com/en/products_dbc77.html]
[www.st-dongxing.com/en/product92be.html]
[www.st-dongxing.com/en/productd074.html]
[www.st-dongxing.com/en/products_d4ef0.html]
[www.st-dongxing.com/en/products_dd6e9.html]
[www.st-dongxing.com/en/products_d6835.html]
[www.st-dongxing.com/en/product92be.html]
[www.st-dongxing.com/en/productd074.html]
[www.st-dongxing.com/en/products_d4ef0.html]
[www.st-dongxing.com/en/products_dd6e9.html]
